▿ Parsed<Poll, ParseIssue>
  ▿ invalid: 1 element
    ▿ Composition (`anyOf`) failure: the instance did not match any.
      ▿ compositionFailure: (3 elements)
        - type: JSONComposition.anyOf
        - reason: "did not match any"
        ▿ nestedErrors: 4 elements
          ▿ Missing required property `technology`.
            ▿ missingRequiredProperty: (1 element)
              - property: "technology"
          ▿ Missing required property `entertainment`.
            ▿ missingRequiredProperty: (1 element)
              - property: "entertainment"
          ▿ Missing required property `education`.
            ▿ missingRequiredProperty: (1 element)
              - property: "education"
          ▿ The instance `object(["food": JSONSchema.JSONValue.object(["_0": JSONSchema.JSONValue.object(["customDescription": JSONSchema.JSONValue.string("What\'s your favorite?")])])])` does not match any enum case.
            ▿ noEnumCaseMatch: (1 element)
              ▿ value: JSONValue
                ▿ object: 1 key/value pair
                  ▿ (2 elements)
                    - key: "food"
                    ▿ value: JSONValue
                      ▿ object: 1 key/value pair
                        ▿ (2 elements)
                          - key: "_0"
                          ▿ value: JSONValue
                            ▿ object: 1 key/value pair
                              ▿ (2 elements)
                                - key: "customDescription"
                                ▿ value: JSONValue
                                  - string: "What\'s your favorite?"
