▿ Parsed<Poll, ParseIssue>
  ▿ invalid: 1 element
    ▿ ParseIssue
      ▿ missingRequiredProperty: (1 element)
        - property: "title"
