▿ Validated<Poll, String>
  ▿ invalid: 9 elements
    - "Transformation failed for key: title"
    - "Transformation failed for key: createdAt"
    - "Transformation failed for key: isActive"
    - "Transformation failed for key: visibility"
    - "No valid component matched for value: object([\"type\": JSONSchema.JSONValue.string(\"education\"), \"_0\": JSONSchema.JSONValue.object([\"subject\": JSONSchema.JSONValue.string(\"science\")])])"
    - "Transformation failed for key: technology"
    - "Transformation failed for key: entertainment"
    - "Transformation failed for key: education"
    - "object([\"type\": JSONSchema.JSONValue.string(\"education\"), \"_0\": JSONSchema.JSONValue.object([\"subject\": JSONSchema.JSONValue.string(\"science\")])]) does not match any enum case."
