▿ Validated<Poll, String>
  ▿ valid: Poll
    ▿ category: Category
      ▿ entertainment: Entertainment
        - ageRating: AgeRating.pg13
        - genre: Genre.movies
    - createdAt: "2024-10-26T08:30:00Z"
    - description: Optional<String>.none
    - expiresAt: Optional<String>.none
    - id: 2
    - isActive: false
    ▿ options: 2 elements
      ▿ Option
        - id: 1
        - text: "Action"
        - voteCount: 5
      ▿ Option
        - id: 2
        - text: "Drama"
        - voteCount: 8
    - settings: Optional<Settings>.none
    - title: "Favorite Movie Genre?"
